2026-07-28 02:15:51 [INFO] SeaScanner: Scan started for target: None
2026-07-28 02:15:51 [INFO] SeaScanner: Playwright available: True
2026-07-28 02:15:54 [INFO] SeaScanner: Target: https://digitizestore.vercel.app/
2026-07-28 02:15:56 [INFO] SeaScanner: JS crawling declined by user
2026-07-28 02:15:56 [DEBUG] urllib3.connectionpool: Starting new HTTPS connection (1): digitizestore.vercel.app:443
2026-07-28 02:15:56 [DEBUG] urllib3.connectionpool: https://digitizestore.vercel.app:443 "GET / HTTP/1.1" 200 None
2026-07-28 02:15:58 [INFO] SeaScanner: Crawler decision: use_js=False (config=False, playwright=True, browser_available=N/A)
2026-07-28 02:15:58 [DEBUG] urllib3.connectionpool: https://digitizestore.vercel.app:443 "GET / HTTP/1.1" 200 None
2026-07-28 02:15:58 [DEBUG] urllib3.connectionpool: https://digitizestore.vercel.app:443 "GET /index.html HTTP/1.1" 200 None
2026-07-28 02:15:58 [DEBUG] urllib3.connectionpool: https://digitizestore.vercel.app:443 "GET /category.html?type=Mouse%20Pads HTTP/1.1" 200 None
2026-07-28 02:15:58 [DEBUG] urllib3.connectionpool: https://digitizestore.vercel.app:443 "GET /category.html?type=Keyboards HTTP/1.1" 200 None
2026-07-28 02:15:58 [DEBUG] urllib3.connectionpool: https://digitizestore.vercel.app:443 "GET /category.html?type=Mouse HTTP/1.1" 200 None
2026-07-28 02:15:58 [DEBUG] urllib3.connectionpool: https://digitizestore.vercel.app:443 "GET /category.html?type=Combos HTTP/1.1" 200 None
2026-07-28 02:15:58 [DEBUG] urllib3.connectionpool: https://digitizestore.vercel.app:443 "GET /category.html?type=Controllers HTTP/1.1" 200 None
2026-07-28 02:15:58 [DEBUG] urllib3.connectionpool: https://digitizestore.vercel.app:443 "GET /category.html?type=Headsets HTTP/1.1" 200 None
2026-07-28 02:15:58 [DEBUG] urllib3.connectionpool: https://digitizestore.vercel.app:443 "GET /category.html?type=Microphones HTTP/1.1" 200 None
2026-07-28 02:15:58 [INFO] SeaScanner: Crawl completed: 1 useful pages
2026-07-28 02:15:58 [DEBUG] urllib3.connectionpool: https://digitizestore.vercel.app:443 "GET / HTTP/1.1" 200 None
2026-07-28 02:15:58 [DEBUG] urllib3.connectionpool: Starting new HTTPS connection (1): digitizestore.vercel.app:443
2026-07-28 02:15:59 [DEBUG] urllib3.connectionpool: https://digitizestore.vercel.app:443 "GET / HTTP/1.1" 200 None
2026-07-28 02:16:01 [DEBUG] urllib3.connectionpool: https://digitizestore.vercel.app:443 "GET /.well-known/security.txt HTTP/1.1" 404 79
2026-07-28 02:16:01 [DEBUG] urllib3.connectionpool: https://digitizestore.vercel.app:443 "GET / HTTP/1.1" 200 None
2026-07-28 02:16:01 [DEBUG] urllib3.connectionpool: https://digitizestore.vercel.app:443 "GET /.env HTTP/1.1" 404 79
2026-07-28 02:16:01 [DEBUG] urllib3.connectionpool: https://digitizestore.vercel.app:443 "GET /wp-config.php HTTP/1.1" 403 59
2026-07-28 02:16:01 [DEBUG] urllib3.connectionpool: https://digitizestore.vercel.app:443 "GET /config.php HTTP/1.1" 403 59
2026-07-28 02:16:01 [DEBUG] urllib3.connectionpool: https://digitizestore.vercel.app:443 "GET /settings.py HTTP/1.1" 404 79
2026-07-28 02:16:01 [DEBUG] urllib3.connectionpool: https://digitizestore.vercel.app:443 "GET /.git/config HTTP/1.1" 404 79
2026-07-28 02:16:01 [DEBUG] urllib3.connectionpool: https://digitizestore.vercel.app:443 "GET /.htaccess HTTP/1.1" 404 79
2026-07-28 02:16:01 [DEBUG] urllib3.connectionpool: https://digitizestore.vercel.app:443 "GET /.htpasswd HTTP/1.1" 404 79
2026-07-28 02:16:01 [DEBUG] urllib3.connectionpool: https://digitizestore.vercel.app:443 "GET /robots.txt HTTP/1.1" 404 79
2026-07-28 02:16:01 [DEBUG] urllib3.connectionpool: https://digitizestore.vercel.app:443 "GET /sitemap.xml HTTP/1.1" 404 79
2026-07-28 02:16:01 [DEBUG] urllib3.connectionpool: https://digitizestore.vercel.app:443 "GET /composer.json HTTP/1.1" 404 79
2026-07-28 02:16:01 [DEBUG] urllib3.connectionpool: https://digitizestore.vercel.app:443 "GET /package.json HTTP/1.1" 404 79
2026-07-28 02:16:01 [DEBUG] urllib3.connectionpool: https://digitizestore.vercel.app:443 "GET /README.md HTTP/1.1" 404 79
2026-07-28 02:16:02 [DEBUG] urllib3.connectionpool: https://digitizestore.vercel.app:443 "GET /LICENSE HTTP/1.1" 404 79
2026-07-28 02:16:02 [INFO] SeaScanner: Page scan: https://digitizestore.vercel.app/category.html?type=Mouse Pads&type=Mouse+Pads
2026-07-28 02:16:02 [DEBUG] urllib3.connectionpool: https://digitizestore.vercel.app:443 "GET /category.html?type=%27 HTTP/1.1" 200 None
2026-07-28 02:16:02 [DEBUG] urllib3.connectionpool: https://digitizestore.vercel.app:443 "GET /category.html?type=%22 HTTP/1.1" 200 None
2026-07-28 02:16:02 [DEBUG] urllib3.connectionpool: https://digitizestore.vercel.app:443 "GET /category.html?type=%27+OR+%271%27%3D%271 HTTP/1.1" 200 None
2026-07-28 02:16:02 [DEBUG] urllib3.connectionpool: https://digitizestore.vercel.app:443 "GET /category.html?type=%27+AND+%271%27%3D%271 HTTP/1.1" 200 None
2026-07-28 02:16:02 [DEBUG] urllib3.connectionpool: https://digitizestore.vercel.app:443 "GET /category.html?type=%27+OR+1%3D1--+- HTTP/1.1" 200 None
2026-07-28 02:16:02 [DEBUG] urllib3.connectionpool: https://digitizestore.vercel.app:443 "GET /category.html?type=Mouse%20Pads&type=Mouse+Pads HTTP/1.1" 200 None
2026-07-28 02:16:02 [DEBUG] urllib3.connectionpool: https://digitizestore.vercel.app:443 "GET /category.html?type=Mouse%20Pads&type=Mouse+Pads HTTP/1.1" 200 None
2026-07-28 02:16:02 [DEBUG] urllib3.connectionpool: https://digitizestore.vercel.app:443 "GET /category.html?type=Mouse%20Pads&type=Mouse+Pads HTTP/1.1" 200 None
2026-07-28 02:16:02 [DEBUG] urllib3.connectionpool: https://digitizestore.vercel.app:443 "GET /category.html?type=%27+AND+SLEEP%285%29--+- HTTP/1.1" 200 None
2026-07-28 02:16:02 [DEBUG] urllib3.connectionpool: https://digitizestore.vercel.app:443 "GET /category.html?type=%27+AND+pg_sleep%285%29--+- HTTP/1.1" 200 None
2026-07-28 02:16:02 [DEBUG] urllib3.connectionpool: https://digitizestore.vercel.app:443 "GET /category.html?type=%27+WAITFOR+DELAY+%2700%3A00%3A05%27--+- HTTP/1.1" 200 None
2026-07-28 02:16:02 [DEBUG] urllib3.connectionpool: https://digitizestore.vercel.app:443 "GET /category.html?type=Mouse%20Pads&type=Mouse+Pads HTTP/1.1" 200 None
2026-07-28 02:16:02 [INFO] SeaScanner: Scanner SQLiScanner on https://digitizestore.vercel.app/category.html?type=Mouse Pads&type=Mouse+Pads: unknown
2026-07-28 02:16:02 [DEBUG] urllib3.connectionpool: https://digitizestore.vercel.app:443 "GET /category.html?type=%3Cscript%3Ealert%281%29%3C%2Fscript%3E HTTP/1.1" 200 None
2026-07-28 02:16:02 [DEBUG] urllib3.connectionpool: https://digitizestore.vercel.app:443 "GET /category.html?type=%3Cimg+src%3Dx+onerror%3Dalert%281%29%3E HTTP/1.1" 200 None
2026-07-28 02:16:02 [DEBUG] urllib3.connectionpool: https://digitizestore.vercel.app:443 "GET /category.html?type=%22+onfocus%3Dalert%281%29+%22 HTTP/1.1" 200 None
2026-07-28 02:16:03 [DEBUG] urllib3.connectionpool: https://digitizestore.vercel.app:443 "GET /category.html?type=%27+onfocus%3Dalert%281%29+%27 HTTP/1.1" 200 None
2026-07-28 02:16:03 [DEBUG] urllib3.connectionpool: https://digitizestore.vercel.app:443 "GET /category.html?type=%27%3Balert%281%29%3B%2F%2F HTTP/1.1" 200 None
2026-07-28 02:16:03 [DEBUG] urllib3.connectionpool: https://digitizestore.vercel.app:443 "GET /category.html?type=%22%3Balert%281%29%3B%2F%2F HTTP/1.1" 200 None
2026-07-28 02:16:03 [INFO] SeaScanner: Scanner XSSScanner on https://digitizestore.vercel.app/category.html?type=Mouse Pads&type=Mouse+Pads: pass
2026-07-28 02:16:03 [DEBUG] urllib3.connectionpool: https://digitizestore.vercel.app:443 "GET /category.html?type=Mouse%20Pads&type=Mouse+Pads HTTP/1.1" 200 None
2026-07-28 02:16:03 [INFO] SeaScanner: Scanner CookiesScanner on https://digitizestore.vercel.app/category.html?type=Mouse Pads&type=Mouse+Pads: pass
2026-07-28 02:16:03 [DEBUG] urllib3.connectionpool: https://digitizestore.vercel.app:443 "GET /category.html?type=Mouse%20Pads&type=Mouse+Pads HTTP/1.1" 200 None
2026-07-28 02:16:03 [DEBUG] urllib3.connectionpool: https://digitizestore.vercel.app:443 "GET /category.html?type=Mouse%20Pads&type=Mouse+Pads HTTP/1.1" 200 None
2026-07-28 02:16:03 [DEBUG] urllib3.connectionpool: https://digitizestore.vercel.app:443 "GET /category.html?type=Mouse%20Pads&type=Mouse+Pads HTTP/1.1" 200 None
2026-07-28 02:16:03 [DEBUG] urllib3.connectionpool: https://digitizestore.vercel.app:443 "GET /category.html?type=Mouse%20Pads&type=Mouse+Pads HTTP/1.1" 200 None
2026-07-28 02:16:03 [DEBUG] urllib3.connectionpool: https://digitizestore.vercel.app:443 "OPTIONS /category.html?type=Mouse%20Pads&type=Mouse+Pads HTTP/1.1" 204 0
2026-07-28 02:16:03 [INFO] SeaScanner: Scanner CORSScanner on https://digitizestore.vercel.app/category.html?type=Mouse Pads&type=Mouse+Pads: fail
2026-07-28 02:16:03 [DEBUG] urllib3.connectionpool: https://digitizestore.vercel.app:443 "GET /category.html?type=Mouse%20Pads&type=Mouse+Pads HTTP/1.1" 200 None
2026-07-28 02:16:03 [INFO] SeaScanner: Scanner CSRFScanner on https://digitizestore.vercel.app/category.html?type=Mouse Pads&type=Mouse+Pads: warning
2026-07-28 02:16:03 [DEBUG] urllib3.connectionpool: https://digitizestore.vercel.app:443 "GET /category.html?type=..%2F..%2F..%2Fetc%2Fpasswd HTTP/1.1" 200 None
2026-07-28 02:16:03 [DEBUG] urllib3.connectionpool: https://digitizestore.vercel.app:443 "GET /category.html?type=..%2F..%2F..%2Fboot.ini HTTP/1.1" 200 None
2026-07-28 02:16:03 [DEBUG] urllib3.connectionpool: https://digitizestore.vercel.app:443 "GET /category.html?type=..%5C..%5C..%5C..%5Cwindows%5Cwin.ini HTTP/1.1" 200 None
2026-07-28 02:16:03 [DEBUG] urllib3.connectionpool: https://digitizestore.vercel.app:443 "GET /category.html?type=..%2F..%2F..%2Fetc%2Fpasswd%2500 HTTP/1.1" 200 None
2026-07-28 02:16:03 [INFO] SeaScanner: Scanner LFIScanner on https://digitizestore.vercel.app/category.html?type=Mouse Pads&type=Mouse+Pads: pass
2026-07-28 02:16:03 [DEBUG] urllib3.connectionpool: https://digitizestore.vercel.app:443 "GET /category.html?type=Mouse%20Pads&type=Mouse+Pads HTTP/1.1" 200 None
2026-07-28 02:16:03 [DEBUG] urllib3.connectionpool: https://digitizestore.vercel.app:443 "GET /category.html?type=http%3A%2F%2F169.254.169.254%2Flatest%2Fmeta-data%2F HTTP/1.1" 200 None
2026-07-28 02:16:03 [DEBUG] urllib3.connectionpool: https://digitizestore.vercel.app:443 "GET /category.html?type=http%3A%2F%2Flocalhost%3A8080%2F HTTP/1.1" 200 None
2026-07-28 02:16:03 [DEBUG] urllib3.connectionpool: https://digitizestore.vercel.app:443 "GET /category.html?type=http%3A%2F%2F127.0.0.1%2F HTTP/1.1" 200 None
2026-07-28 02:16:03 [INFO] SeaScanner: Scanner SSRFScanner on https://digitizestore.vercel.app/category.html?type=Mouse Pads&type=Mouse+Pads: pass
2026-07-28 02:16:03 [DEBUG] urllib3.connectionpool: https://digitizestore.vercel.app:443 "GET /category.html?type=Mouse%20Pads&type=Mouse+Pads HTTP/1.1" 200 None
2026-07-28 02:16:03 [DEBUG] urllib3.connectionpool: https://digitizestore.vercel.app:443 "POST /category.html?type=Mouse%20Pads&type=Mouse+Pads HTTP/1.1" 405 None
2026-07-28 02:16:03 [DEBUG] urllib3.connectionpool: https://digitizestore.vercel.app:443 "PUT /category.html?type=Mouse%20Pads&type=Mouse+Pads HTTP/1.1" 405 None
2026-07-28 02:16:03 [DEBUG] urllib3.connectionpool: https://digitizestore.vercel.app:443 "DELETE /category.html?type=Mouse%20Pads&type=Mouse+Pads HTTP/1.1" 405 None
2026-07-28 02:16:04 [DEBUG] urllib3.connectionpool: https://digitizestore.vercel.app:443 "OPTIONS /category.html?type=Mouse%20Pads&type=Mouse+Pads HTTP/1.1" 204 0
2026-07-28 02:16:04 [DEBUG] urllib3.connectionpool: https://digitizestore.vercel.app:443 "TRACE /category.html?type=Mouse%20Pads&type=Mouse+Pads HTTP/1.1" 405 40
2026-07-28 02:16:04 [DEBUG] urllib3.connectionpool: https://digitizestore.vercel.app:443 "CONNECT /category.html?type=Mouse%20Pads&type=Mouse+Pads HTTP/1.1" 405 None
2026-07-28 02:16:04 [DEBUG] urllib3.connectionpool: https://digitizestore.vercel.app:443 "PATCH /category.html?type=Mouse%20Pads&type=Mouse+Pads HTTP/1.1" 405 None
2026-07-28 02:16:04 [INFO] SeaScanner: Scanner HTTPMethodsScanner on https://digitizestore.vercel.app/category.html?type=Mouse Pads&type=Mouse+Pads: pass
2026-07-28 02:16:04 [DEBUG] urllib3.connectionpool: https://digitizestore.vercel.app:443 "GET /category.html?type=https%3A%2F%2Fevil.com HTTP/1.1" 200 None
2026-07-28 02:16:04 [DEBUG] urllib3.connectionpool: https://digitizestore.vercel.app:443 "GET /category.html?type=http%3A%2F%2Fattacker.com HTTP/1.1" 200 None
2026-07-28 02:16:04 [DEBUG] urllib3.connectionpool: https://digitizestore.vercel.app:443 "GET /category.html?type=%2F%2Fevil.com HTTP/1.1" 200 None
2026-07-28 02:16:04 [DEBUG] urllib3.connectionpool: https://digitizestore.vercel.app:443 "GET /category.html?type=%2F%2Fgoogle.com HTTP/1.1" 200 None
2026-07-28 02:16:04 [INFO] SeaScanner: Scanner OpenRedirectScanner on https://digitizestore.vercel.app/category.html?type=Mouse Pads&type=Mouse+Pads: pass
2026-07-28 02:16:04 [DEBUG] urllib3.connectionpool: https://digitizestore.vercel.app:443 "GET /category.html?type=Mouse%20Pads&type=Mouse+Pads HTTP/1.1" 404 107
2026-07-28 02:16:04 [INFO] SeaScanner: Scanner HostHeaderScanner on https://digitizestore.vercel.app/category.html?type=Mouse Pads&type=Mouse+Pads: pass
2026-07-28 02:16:04 [DEBUG] urllib3.connectionpool: https://digitizestore.vercel.app:443 "GET /category.html?type=Mouse%20Pads&type=Mouse+Pads HTTP/1.1" 200 None
2026-07-28 02:16:04 [INFO] SeaScanner: Scanner SourceLeaksScanner on https://digitizestore.vercel.app/category.html?type=Mouse Pads&type=Mouse+Pads: pass
2026-07-28 02:16:16 [INFO] SeaScanner: Scan completed successfully for target: https://digitizestore.vercel.app/
