2026-07-28 03:26:24 [INFO] SeaScanner: Scan started for target: None
2026-07-28 03:26:24 [INFO] SeaScanner: Playwright available: True
2026-07-28 03:33:11 [INFO] SeaScanner: Target: https://digitizestore.vercel.app/
2026-07-28 03:33:13 [INFO] SeaScanner: JS crawling declined by user
2026-07-28 03:33:13 [DEBUG] urllib3.connectionpool: Starting new HTTPS connection (1): digitizestore.vercel.app:443
2026-07-28 03:33:13 [DEBUG] urllib3.connectionpool: https://digitizestore.vercel.app:443 "GET / HTTP/1.1" 200 None
2026-07-28 03:33:21 [INFO] SeaScanner: Crawler decision: use_js=False (config=False, playwright=True, browser_available=N/A)
2026-07-28 03:33:21 [INFO] SeaScanner.Crawler: HTTP crawler starting: https://digitizestore.vercel.app/ (max_pages=30)
2026-07-28 03:33:21 [DEBUG] SeaScanner.Crawler:   Visit #1: https://digitizestore.vercel.app/
2026-07-28 03:33:21 [DEBUG] urllib3.connectionpool: https://digitizestore.vercel.app:443 "GET / HTTP/1.1" 200 None
2026-07-28 03:33:21 [DEBUG] SeaScanner.Crawler:   -> NOT useful: no params, no POST forms, no inputs
2026-07-28 03:33:21 [DEBUG] SeaScanner.Crawler:   Visit #2: https://digitizestore.vercel.app/index.html
2026-07-28 03:33:21 [DEBUG] urllib3.connectionpool: https://digitizestore.vercel.app:443 "GET /index.html HTTP/1.1" 200 None
2026-07-28 03:33:21 [DEBUG] SeaScanner.Crawler:   Skip [duplicate content]: https://digitizestore.vercel.app/index.html
2026-07-28 03:33:21 [DEBUG] SeaScanner.Crawler:   Visit #3: https://digitizestore.vercel.app/category.html?type=Mouse Pads
2026-07-28 03:33:21 [DEBUG] urllib3.connectionpool: https://digitizestore.vercel.app:443 "GET /category.html?type=Mouse%20Pads HTTP/1.1" 200 None
2026-07-28 03:33:21 [DEBUG] SeaScanner.Crawler:   -> USEFUL (params=1 forms=0)
2026-07-28 03:33:21 [DEBUG] SeaScanner.Crawler:   Visit #4: https://digitizestore.vercel.app/category.html?type=Keyboards
2026-07-28 03:33:21 [DEBUG] urllib3.connectionpool: https://digitizestore.vercel.app:443 "GET /category.html?type=Keyboards HTTP/1.1" 200 None
2026-07-28 03:33:21 [DEBUG] SeaScanner.Crawler:   Skip [duplicate content]: https://digitizestore.vercel.app/category.html?type=Keyboards
2026-07-28 03:33:21 [DEBUG] SeaScanner.Crawler:   Visit #5: https://digitizestore.vercel.app/category.html?type=Mouse
2026-07-28 03:33:22 [DEBUG] urllib3.connectionpool: https://digitizestore.vercel.app:443 "GET /category.html?type=Mouse HTTP/1.1" 200 None
2026-07-28 03:33:22 [DEBUG] SeaScanner.Crawler:   Skip [duplicate content]: https://digitizestore.vercel.app/category.html?type=Mouse
2026-07-28 03:33:22 [DEBUG] SeaScanner.Crawler:   Visit #6: https://digitizestore.vercel.app/category.html?type=Combos
2026-07-28 03:33:22 [DEBUG] urllib3.connectionpool: https://digitizestore.vercel.app:443 "GET /category.html?type=Combos HTTP/1.1" 200 None
2026-07-28 03:33:22 [DEBUG] SeaScanner.Crawler:   Skip [duplicate content]: https://digitizestore.vercel.app/category.html?type=Combos
2026-07-28 03:33:22 [DEBUG] SeaScanner.Crawler:   Visit #7: https://digitizestore.vercel.app/category.html?type=Controllers
2026-07-28 03:33:22 [DEBUG] urllib3.connectionpool: https://digitizestore.vercel.app:443 "GET /category.html?type=Controllers HTTP/1.1" 200 None
2026-07-28 03:33:22 [DEBUG] SeaScanner.Crawler:   Skip [duplicate content]: https://digitizestore.vercel.app/category.html?type=Controllers
2026-07-28 03:33:22 [DEBUG] SeaScanner.Crawler:   Visit #8: https://digitizestore.vercel.app/category.html?type=Headsets
2026-07-28 03:33:22 [DEBUG] urllib3.connectionpool: https://digitizestore.vercel.app:443 "GET /category.html?type=Headsets HTTP/1.1" 200 None
2026-07-28 03:33:22 [DEBUG] SeaScanner.Crawler:   Skip [duplicate content]: https://digitizestore.vercel.app/category.html?type=Headsets
2026-07-28 03:33:22 [DEBUG] SeaScanner.Crawler:   Visit #9: https://digitizestore.vercel.app/category.html?type=Microphones
2026-07-28 03:33:22 [DEBUG] urllib3.connectionpool: https://digitizestore.vercel.app:443 "GET /category.html?type=Microphones HTTP/1.1" 200 None
2026-07-28 03:33:22 [DEBUG] SeaScanner.Crawler:   Skip [duplicate content]: https://digitizestore.vercel.app/category.html?type=Microphones
2026-07-28 03:33:22 [DEBUG] SeaScanner.Crawler:   Links: 13 total, 9 internal, 4 external, 0 skipped-ext, 0 skipped-hash
2026-07-28 03:33:22 [DEBUG] SeaScanner.Crawler:   Links: 12 total, 8 internal, 4 external, 0 skipped-ext, 0 skipped-hash
2026-07-28 03:33:22 [INFO] SeaScanner.Crawler: HTTP crawler finished: visited=9 useful=1 not_useful=1 skipped_ext=0 skipped_ct=0 skipped_status=0 skipped_dup=7
2026-07-28 03:33:22 [INFO] SeaScanner: Crawl stats: type=http visited=9 useful=1 not_useful=1 skipped_ext=0 skipped_ct=0 skipped_http=0 skipped_dup=7 pre_filter=1 post_filter=1
2026-07-28 03:33:22 [INFO] SeaScanner: Crawl completed: 1 useful pages
2026-07-28 03:33:22 [DEBUG] urllib3.connectionpool: https://digitizestore.vercel.app:443 "GET / HTTP/1.1" 200 None
2026-07-28 03:33:22 [DEBUG] urllib3.connectionpool: Starting new HTTPS connection (1): digitizestore.vercel.app:443
2026-07-28 03:33:22 [DEBUG] urllib3.connectionpool: https://digitizestore.vercel.app:443 "GET / HTTP/1.1" 200 None
2026-07-28 03:33:24 [DEBUG] urllib3.connectionpool: https://digitizestore.vercel.app:443 "GET /.well-known/security.txt HTTP/1.1" 404 79
2026-07-28 03:33:24 [DEBUG] urllib3.connectionpool: https://digitizestore.vercel.app:443 "GET / HTTP/1.1" 200 None
2026-07-28 03:33:24 [DEBUG] urllib3.connectionpool: https://digitizestore.vercel.app:443 "GET /.env HTTP/1.1" 404 79
2026-07-28 03:33:24 [DEBUG] urllib3.connectionpool: https://digitizestore.vercel.app:443 "GET /wp-config.php HTTP/1.1" 403 59
2026-07-28 03:33:25 [DEBUG] urllib3.connectionpool: https://digitizestore.vercel.app:443 "GET /config.php HTTP/1.1" 403 59
2026-07-28 03:33:25 [DEBUG] urllib3.connectionpool: https://digitizestore.vercel.app:443 "GET /settings.py HTTP/1.1" 404 79
2026-07-28 03:33:25 [DEBUG] urllib3.connectionpool: https://digitizestore.vercel.app:443 "GET /.git/config HTTP/1.1" 404 79
2026-07-28 03:33:25 [DEBUG] urllib3.connectionpool: https://digitizestore.vercel.app:443 "GET /.htaccess HTTP/1.1" 404 79
2026-07-28 03:33:25 [DEBUG] urllib3.connectionpool: https://digitizestore.vercel.app:443 "GET /.htpasswd HTTP/1.1" 404 79
2026-07-28 03:33:25 [DEBUG] urllib3.connectionpool: https://digitizestore.vercel.app:443 "GET /robots.txt HTTP/1.1" 404 79
2026-07-28 03:33:25 [DEBUG] urllib3.connectionpool: https://digitizestore.vercel.app:443 "GET /sitemap.xml HTTP/1.1" 404 79
2026-07-28 03:33:25 [DEBUG] urllib3.connectionpool: https://digitizestore.vercel.app:443 "GET /composer.json HTTP/1.1" 404 79
2026-07-28 03:33:25 [DEBUG] urllib3.connectionpool: https://digitizestore.vercel.app:443 "GET /package.json HTTP/1.1" 404 79
2026-07-28 03:33:25 [DEBUG] urllib3.connectionpool: https://digitizestore.vercel.app:443 "GET /README.md HTTP/1.1" 404 79
2026-07-28 03:33:25 [DEBUG] urllib3.connectionpool: https://digitizestore.vercel.app:443 "GET /LICENSE HTTP/1.1" 404 79
2026-07-28 03:33:25 [INFO] SeaScanner: Page scan: https://digitizestore.vercel.app/category.html?type=Mouse Pads&type=Mouse+Pads
2026-07-28 03:33:25 [DEBUG] urllib3.connectionpool: https://digitizestore.vercel.app:443 "GET /category.html?type=%27 HTTP/1.1" 200 None
2026-07-28 03:33:25 [DEBUG] urllib3.connectionpool: https://digitizestore.vercel.app:443 "GET /category.html?type=%22 HTTP/1.1" 200 None
2026-07-28 03:33:25 [DEBUG] urllib3.connectionpool: https://digitizestore.vercel.app:443 "GET /category.html?type=%27+OR+%271%27%3D%271 HTTP/1.1" 200 None
2026-07-28 03:33:25 [DEBUG] urllib3.connectionpool: https://digitizestore.vercel.app:443 "GET /category.html?type=%27+AND+%271%27%3D%271 HTTP/1.1" 200 None
2026-07-28 03:33:25 [DEBUG] urllib3.connectionpool: https://digitizestore.vercel.app:443 "GET /category.html?type=%27+OR+1%3D1--+- HTTP/1.1" 200 None
2026-07-28 03:33:25 [DEBUG] urllib3.connectionpool: https://digitizestore.vercel.app:443 "GET /category.html?type=Mouse%20Pads&type=Mouse+Pads HTTP/1.1" 200 None
2026-07-28 03:33:25 [DEBUG] urllib3.connectionpool: https://digitizestore.vercel.app:443 "GET /category.html?type=Mouse%20Pads&type=Mouse+Pads HTTP/1.1" 200 None
2026-07-28 03:33:25 [DEBUG] urllib3.connectionpool: https://digitizestore.vercel.app:443 "GET /category.html?type=Mouse%20Pads&type=Mouse+Pads HTTP/1.1" 200 None
2026-07-28 03:33:25 [DEBUG] urllib3.connectionpool: https://digitizestore.vercel.app:443 "GET /category.html?type=%27+AND+SLEEP%285%29--+- HTTP/1.1" 200 None
2026-07-28 03:33:25 [DEBUG] urllib3.connectionpool: https://digitizestore.vercel.app:443 "GET /category.html?type=%27+AND+pg_sleep%285%29--+- HTTP/1.1" 200 None
2026-07-28 03:33:25 [DEBUG] urllib3.connectionpool: https://digitizestore.vercel.app:443 "GET /category.html?type=%27+WAITFOR+DELAY+%2700%3A00%3A05%27--+- HTTP/1.1" 200 None
2026-07-28 03:33:26 [DEBUG] urllib3.connectionpool: https://digitizestore.vercel.app:443 "GET /category.html?type=Mouse%20Pads&type=Mouse+Pads HTTP/1.1" 200 None
2026-07-28 03:33:26 [INFO] SeaScanner: Scanner SQLiScanner on https://digitizestore.vercel.app/category.html?type=Mouse Pads&type=Mouse+Pads: unknown
2026-07-28 03:33:26 [DEBUG] urllib3.connectionpool: https://digitizestore.vercel.app:443 "GET /category.html?type=%3Cscript%3Ealert%281%29%3C%2Fscript%3E HTTP/1.1" 200 None
2026-07-28 03:33:26 [DEBUG] urllib3.connectionpool: https://digitizestore.vercel.app:443 "GET /category.html?type=%3Cimg+src%3Dx+onerror%3Dalert%281%29%3E HTTP/1.1" 200 None
2026-07-28 03:33:26 [DEBUG] urllib3.connectionpool: https://digitizestore.vercel.app:443 "GET /category.html?type=%22+onfocus%3Dalert%281%29+%22 HTTP/1.1" 200 None
2026-07-28 03:33:26 [DEBUG] urllib3.connectionpool: https://digitizestore.vercel.app:443 "GET /category.html?type=%27+onfocus%3Dalert%281%29+%27 HTTP/1.1" 200 None
2026-07-28 03:33:26 [DEBUG] urllib3.connectionpool: https://digitizestore.vercel.app:443 "GET /category.html?type=%27%3Balert%281%29%3B%2F%2F HTTP/1.1" 200 None
2026-07-28 03:33:26 [DEBUG] urllib3.connectionpool: https://digitizestore.vercel.app:443 "GET /category.html?type=%22%3Balert%281%29%3B%2F%2F HTTP/1.1" 200 None
2026-07-28 03:33:26 [INFO] SeaScanner: Scanner XSSScanner on https://digitizestore.vercel.app/category.html?type=Mouse Pads&type=Mouse+Pads: pass
2026-07-28 03:33:26 [DEBUG] urllib3.connectionpool: https://digitizestore.vercel.app:443 "GET /category.html?type=Mouse%20Pads&type=Mouse+Pads HTTP/1.1" 200 None
2026-07-28 03:33:26 [INFO] SeaScanner: Scanner CookiesScanner on https://digitizestore.vercel.app/category.html?type=Mouse Pads&type=Mouse+Pads: pass
2026-07-28 03:33:26 [DEBUG] urllib3.connectionpool: https://digitizestore.vercel.app:443 "GET /category.html?type=Mouse%20Pads&type=Mouse+Pads HTTP/1.1" 200 None
2026-07-28 03:33:26 [DEBUG] urllib3.connectionpool: https://digitizestore.vercel.app:443 "GET /category.html?type=Mouse%20Pads&type=Mouse+Pads HTTP/1.1" 200 None
2026-07-28 03:33:26 [DEBUG] urllib3.connectionpool: https://digitizestore.vercel.app:443 "GET /category.html?type=Mouse%20Pads&type=Mouse+Pads HTTP/1.1" 200 None
2026-07-28 03:33:26 [DEBUG] urllib3.connectionpool: https://digitizestore.vercel.app:443 "GET /category.html?type=Mouse%20Pads&type=Mouse+Pads HTTP/1.1" 200 None
2026-07-28 03:33:26 [DEBUG] urllib3.connectionpool: https://digitizestore.vercel.app:443 "OPTIONS /category.html?type=Mouse%20Pads&type=Mouse+Pads HTTP/1.1" 204 0
2026-07-28 03:33:26 [INFO] SeaScanner: Scanner CORSScanner on https://digitizestore.vercel.app/category.html?type=Mouse Pads&type=Mouse+Pads: fail
2026-07-28 03:33:26 [DEBUG] urllib3.connectionpool: https://digitizestore.vercel.app:443 "GET /category.html?type=Mouse%20Pads&type=Mouse+Pads HTTP/1.1" 200 None
2026-07-28 03:33:26 [INFO] SeaScanner: Scanner CSRFScanner on https://digitizestore.vercel.app/category.html?type=Mouse Pads&type=Mouse+Pads: warning
2026-07-28 03:33:26 [DEBUG] urllib3.connectionpool: https://digitizestore.vercel.app:443 "GET /category.html?type=..%2F..%2F..%2Fetc%2Fpasswd HTTP/1.1" 200 None
2026-07-28 03:33:26 [DEBUG] urllib3.connectionpool: https://digitizestore.vercel.app:443 "GET /category.html?type=..%2F..%2F..%2Fboot.ini HTTP/1.1" 200 None
2026-07-28 03:33:26 [DEBUG] urllib3.connectionpool: https://digitizestore.vercel.app:443 "GET /category.html?type=..%5C..%5C..%5C..%5Cwindows%5Cwin.ini HTTP/1.1" 200 None
2026-07-28 03:33:26 [DEBUG] urllib3.connectionpool: https://digitizestore.vercel.app:443 "GET /category.html?type=..%2F..%2F..%2Fetc%2Fpasswd%2500 HTTP/1.1" 200 None
2026-07-28 03:33:26 [INFO] SeaScanner: Scanner LFIScanner on https://digitizestore.vercel.app/category.html?type=Mouse Pads&type=Mouse+Pads: pass
2026-07-28 03:33:26 [DEBUG] urllib3.connectionpool: https://digitizestore.vercel.app:443 "GET /category.html?type=Mouse%20Pads&type=Mouse+Pads HTTP/1.1" 200 None
2026-07-28 03:33:26 [DEBUG] urllib3.connectionpool: https://digitizestore.vercel.app:443 "GET /category.html?type=http%3A%2F%2F169.254.169.254%2Flatest%2Fmeta-data%2F HTTP/1.1" 200 None
2026-07-28 03:33:26 [DEBUG] urllib3.connectionpool: https://digitizestore.vercel.app:443 "GET /category.html?type=http%3A%2F%2Flocalhost%3A8080%2F HTTP/1.1" 200 None
2026-07-28 03:33:27 [DEBUG] urllib3.connectionpool: https://digitizestore.vercel.app:443 "GET /category.html?type=http%3A%2F%2F127.0.0.1%2F HTTP/1.1" 200 None
2026-07-28 03:33:27 [INFO] SeaScanner: Scanner SSRFScanner on https://digitizestore.vercel.app/category.html?type=Mouse Pads&type=Mouse+Pads: pass
2026-07-28 03:33:27 [DEBUG] urllib3.connectionpool: https://digitizestore.vercel.app:443 "GET /category.html?type=Mouse%20Pads&type=Mouse+Pads HTTP/1.1" 200 None
2026-07-28 03:33:27 [DEBUG] urllib3.connectionpool: https://digitizestore.vercel.app:443 "POST /category.html?type=Mouse%20Pads&type=Mouse+Pads HTTP/1.1" 405 None
2026-07-28 03:33:27 [DEBUG] urllib3.connectionpool: https://digitizestore.vercel.app:443 "PUT /category.html?type=Mouse%20Pads&type=Mouse+Pads HTTP/1.1" 405 None
2026-07-28 03:33:27 [DEBUG] urllib3.connectionpool: https://digitizestore.vercel.app:443 "DELETE /category.html?type=Mouse%20Pads&type=Mouse+Pads HTTP/1.1" 405 None
2026-07-28 03:33:27 [DEBUG] urllib3.connectionpool: https://digitizestore.vercel.app:443 "OPTIONS /category.html?type=Mouse%20Pads&type=Mouse+Pads HTTP/1.1" 204 0
2026-07-28 03:33:27 [DEBUG] urllib3.connectionpool: https://digitizestore.vercel.app:443 "TRACE /category.html?type=Mouse%20Pads&type=Mouse+Pads HTTP/1.1" 405 40
2026-07-28 03:33:27 [DEBUG] urllib3.connectionpool: https://digitizestore.vercel.app:443 "CONNECT /category.html?type=Mouse%20Pads&type=Mouse+Pads HTTP/1.1" 405 None
2026-07-28 03:33:27 [DEBUG] urllib3.connectionpool: https://digitizestore.vercel.app:443 "PATCH /category.html?type=Mouse%20Pads&type=Mouse+Pads HTTP/1.1" 405 None
2026-07-28 03:33:27 [INFO] SeaScanner: Scanner HTTPMethodsScanner on https://digitizestore.vercel.app/category.html?type=Mouse Pads&type=Mouse+Pads: pass
2026-07-28 03:33:27 [DEBUG] urllib3.connectionpool: https://digitizestore.vercel.app:443 "GET /category.html?type=https%3A%2F%2Fevil.com HTTP/1.1" 200 None
2026-07-28 03:33:27 [DEBUG] urllib3.connectionpool: https://digitizestore.vercel.app:443 "GET /category.html?type=http%3A%2F%2Fattacker.com HTTP/1.1" 200 None
2026-07-28 03:33:27 [DEBUG] urllib3.connectionpool: https://digitizestore.vercel.app:443 "GET /category.html?type=%2F%2Fevil.com HTTP/1.1" 200 None
2026-07-28 03:33:27 [DEBUG] urllib3.connectionpool: https://digitizestore.vercel.app:443 "GET /category.html?type=%2F%2Fgoogle.com HTTP/1.1" 200 None
2026-07-28 03:33:27 [INFO] SeaScanner: Scanner OpenRedirectScanner on https://digitizestore.vercel.app/category.html?type=Mouse Pads&type=Mouse+Pads: pass
2026-07-28 03:33:27 [DEBUG] urllib3.connectionpool: https://digitizestore.vercel.app:443 "GET /category.html?type=Mouse%20Pads&type=Mouse+Pads HTTP/1.1" 404 107
2026-07-28 03:33:27 [DEBUG] urllib3.connectionpool: https://digitizestore.vercel.app:443 "GET /category.html?type=Mouse%20Pads&type=Mouse+Pads HTTP/1.1" 200 None
2026-07-28 03:33:27 [DEBUG] urllib3.connectionpool: https://digitizestore.vercel.app:443 "GET /category.html?type=Mouse%20Pads&type=Mouse+Pads HTTP/1.1" 404 107
2026-07-28 03:33:27 [DEBUG] urllib3.connectionpool: https://digitizestore.vercel.app:443 "GET /category.html?type=Mouse%20Pads&type=Mouse+Pads HTTP/1.1" 200 None
2026-07-28 03:33:27 [DEBUG] urllib3.connectionpool: https://digitizestore.vercel.app:443 "GET /category.html?type=Mouse%20Pads&type=Mouse+Pads HTTP/1.1" 308 None
2026-07-28 03:33:27 [DEBUG] urllib3.connectionpool: Starting new HTTPS connection (1): vercel.com:443
2026-07-28 03:33:27 [DEBUG] urllib3.connectionpool: https://vercel.com:443 "GET / HTTP/1.1" 308 None
2026-07-28 03:33:27 [DEBUG] urllib3.connectionpool: https://vercel.com:443 "GET / HTTP/1.1" 308 None
2026-07-28 03:33:28 [DEBUG] urllib3.connectionpool: https://vercel.com:443 "GET / HTTP/1.1" 308 None
2026-07-28 03:33:28 [DEBUG] urllib3.connectionpool: https://vercel.com:443 "GET / HTTP/1.1" 308 None
2026-07-28 03:33:28 [DEBUG] urllib3.connectionpool: https://vercel.com:443 "GET / HTTP/1.1" 308 None
2026-07-28 03:33:28 [DEBUG] urllib3.connectionpool: https://vercel.com:443 "GET / HTTP/1.1" 308 None
2026-07-28 03:33:28 [DEBUG] urllib3.connectionpool: https://vercel.com:443 "GET / HTTP/1.1" 308 None
2026-07-28 03:33:28 [DEBUG] urllib3.connectionpool: https://vercel.com:443 "GET / HTTP/1.1" 308 None
2026-07-28 03:33:28 [DEBUG] urllib3.connectionpool: https://vercel.com:443 "GET / HTTP/1.1" 308 None
2026-07-28 03:33:28 [DEBUG] urllib3.connectionpool: https://vercel.com:443 "GET / HTTP/1.1" 308 None
2026-07-28 03:33:28 [DEBUG] urllib3.connectionpool: https://vercel.com:443 "GET / HTTP/1.1" 308 None
2026-07-28 03:33:28 [DEBUG] urllib3.connectionpool: https://vercel.com:443 "GET / HTTP/1.1" 308 None
2026-07-28 03:33:28 [DEBUG] urllib3.connectionpool: https://vercel.com:443 "GET / HTTP/1.1" 308 None
2026-07-28 03:33:28 [DEBUG] urllib3.connectionpool: https://vercel.com:443 "GET / HTTP/1.1" 308 None
2026-07-28 03:33:28 [DEBUG] urllib3.connectionpool: https://vercel.com:443 "GET / HTTP/1.1" 308 None
2026-07-28 03:33:28 [DEBUG] urllib3.connectionpool: https://vercel.com:443 "GET / HTTP/1.1" 308 None
2026-07-28 03:33:28 [DEBUG] urllib3.connectionpool: https://vercel.com:443 "GET / HTTP/1.1" 308 None
2026-07-28 03:33:28 [DEBUG] urllib3.connectionpool: https://vercel.com:443 "GET / HTTP/1.1" 308 None
2026-07-28 03:33:28 [DEBUG] urllib3.connectionpool: https://vercel.com:443 "GET / HTTP/1.1" 308 None
2026-07-28 03:33:28 [DEBUG] urllib3.connectionpool: https://vercel.com:443 "GET / HTTP/1.1" 308 None
2026-07-28 03:33:28 [DEBUG] urllib3.connectionpool: https://vercel.com:443 "GET / HTTP/1.1" 308 None
2026-07-28 03:33:28 [DEBUG] urllib3.connectionpool: https://vercel.com:443 "GET / HTTP/1.1" 308 None
2026-07-28 03:33:28 [DEBUG] urllib3.connectionpool: https://vercel.com:443 "GET / HTTP/1.1" 308 None
2026-07-28 03:33:28 [DEBUG] urllib3.connectionpool: https://vercel.com:443 "GET / HTTP/1.1" 308 None
2026-07-28 03:33:28 [DEBUG] urllib3.connectionpool: https://vercel.com:443 "GET / HTTP/1.1" 308 None
2026-07-28 03:33:28 [DEBUG] urllib3.connectionpool: https://vercel.com:443 "GET / HTTP/1.1" 308 None
2026-07-28 03:33:29 [DEBUG] urllib3.connectionpool: https://vercel.com:443 "GET / HTTP/1.1" 308 None
2026-07-28 03:33:29 [DEBUG] urllib3.connectionpool: https://vercel.com:443 "GET / HTTP/1.1" 308 None
2026-07-28 03:33:29 [DEBUG] urllib3.connectionpool: https://vercel.com:443 "GET / HTTP/1.1" 308 None
2026-07-28 03:33:29 [DEBUG] urllib3.connectionpool: https://vercel.com:443 "GET / HTTP/1.1" 308 None
2026-07-28 03:33:29 [INFO] SeaScanner: Scanner HostHeaderScanner on https://digitizestore.vercel.app/category.html?type=Mouse Pads&type=Mouse+Pads: unknown
2026-07-28 03:33:29 [DEBUG] urllib3.connectionpool: https://digitizestore.vercel.app:443 "GET /category.html?type=Mouse%20Pads&type=Mouse+Pads HTTP/1.1" 200 None
2026-07-28 03:33:29 [INFO] SeaScanner: Scanner SourceLeaksScanner on https://digitizestore.vercel.app/category.html?type=Mouse Pads&type=Mouse+Pads: pass
